18.0324 	INFO 	Loaded monitor calibration from ['2025_08_11 22:25']
18.0680 	WARNING 	User requested fullscreen with size [1024  768], but screen is actually [2880, 1800]. Using actual size
20.0495 	INFO 	Using renderer 'Intel(R) Iris(R) Xe Graphics' for graphics
20.0496 	INFO 	OpenGL version supported by driver is 4..
20.0771 	EXP 	Created window1 = Window(allowGUI=False, allowStencil=False, autoLog=True, backendConf=UNKNOWN, backgroundFit=<method-wrapper '__getattribute__' of attributeSetter object at 0x00000266EC2AF4F0>, backgroundImage=<method-wrapper '__getattribute__' of attributeSetter object at 0x00000266EC2AF490>, bitsMode=UNKNOWN, blendMode='avg', bpc=(8, 8, 8), color=array([0, 0, 0]), colorSpace='rgb', depthBits=8, fullscr=True, gamma=None, gammaErrorPolicy='raise', infoMsg=UNKNOWN, lms=UNKNOWN, monitor=<psychopy.monitors.calibTools.Monitor object at 0x00000266ECB90130>, multiSample=False, name='window1', numSamples=2, pos=[np.float64(0.0), np.float64(0.0)], screen=0, size=array([2880, 1800]), stencilBits=0, stereo=False, title='PsychoPy', units='height', useFBO=True, useRetina=False, viewOri=0.0, viewPos=None, viewScale=None, waitBlanking=True, winType='pyglet')
20.0771 	EXP 	window1: backgroundImage = ''
20.0771 	EXP 	window1: backgroundFit = 'none'
20.4371 	EXP 	window1: Attempting to measure frame rate of screen (0) ...
20.4371 	EXP 	window1: recordFrameIntervals = False
20.5756 	EXP 	window1: recordFrameIntervals = True
20.7601 	EXP 	Screen (0) actual frame rate measured at 59.92Hz
20.7602 	EXP 	window1: recordFrameIntervals = False
20.8616 	INFO 	keyboard.Keyboard is using ptb backend.
20.8618 	INFO 	keyboard.Keyboard is using ptb backend.
20.8619 	EXP 	stroop: status = STARTED
20.8731 	EXP 	Created fixation = ShapeStim(__class__=<class 'psychopy.visual.shape.ShapeStim'>, anchor=('center', 'center'), autoDraw=False, autoLog=True, closeShape=True, color=method-wrapper(...), colorSpace='rgb', contrast=None, depth=0.0, draggable=False, fillColor=array([1, 1, 1]), fillColorSpace='rgb', fillRGB=array([1, 1, 1]), interpolate=True, lineColor=array([1., 1., 1.]), lineColorSpace='rgb', lineRGB=array([1, 1, 1]), lineWidth=1.0, name='fixation', opacity=1, ori=0.0, pos=array([0., 0.]), size=array([10., 10.]), units='pix', vertices=ndarray(...), win=Window(...), windingRule=None)
20.9159 	EXP 	Created text = TextStim(__class__=<class 'psychopy.visual.text.TextStim'>, alignHoriz=method-wrapper(...), alignText='center', alignVert=method-wrapper(...), anchorHoriz='center', anchorVert='center', antialias=True, autoDraw=False, autoLog=True, bold=False, color=array([1., 1., 1.]), colorSpace='rgb', contrast=1.0, depth=-1.0, draggable=False, flipHoriz=False, flipVert=False, font='Arial', fontFiles=[], height=0.05, italic=False, languageStyle='LTR', name='text', opacity=1, ori=0.0, pos=array([0., 0.]), rgb=UNKNOWN, text='', units='height', win=Window(...), wrapWidth=1)
0.0083 	EXP 	Imported Psychophy.xlsx as conditions, 4 conditions, 4 params
0.0087 	EXP 	New trial (rep=0, index=0): <Trial 0 (0 in rep 0) data={'word': 'BLUE', 'font_colour': 'blue', 'con_lable': 'congruent', 'corr_resp': 'b', 'thisN': 0, 'thisTrialN': 0, 'thisRepN': 0}>
0.1381 	EXP 	text: foreColor = <psychopy.colors.Color: blue, alpha=1.0>
0.1381 	EXP 	text: height = np.float64(0.05)
0.1381 	EXP 	text: height = np.float64(0.05)
0.1381 	EXP 	text: height = np.float64(0.05)
0.1381 	EXP 	text: text = 'BLUE'
0.1381 	EXP 	fixation: autoDraw = True
0.5096 	INFO 	Keyboard events cleared
0.5095 	EXP 	fixation: autoDraw = False
0.5095 	EXP 	text: autoDraw = True
1.0099 	EXP 	text: autoDraw = False
4.1810 	EXP 	Device response: <KeyPress from None: t=4.066744500305504, value=b, duration=None>
4.1814 	EXP 	New trial (rep=0, index=1): <Trial 1 (1 in rep 0) data={'word': 'RED', 'font_colour': 'blue', 'con_lable': 'incongruent', 'corr_resp': 'b', 'thisN': 1, 'thisTrialN': 1, 'thisRepN': 0}>
4.1891 	DATA 	Keypress: b
4.1929 	EXP 	fixation: autoDraw = False
4.1929 	EXP 	text: autoDraw = False
4.1929 	EXP 	text: foreColor = <psychopy.colors.Color: blue, alpha=1.0>
4.1929 	EXP 	text: height = np.float64(0.05)
4.1929 	EXP 	text: height = np.float64(0.05)
4.1929 	EXP 	text: height = np.float64(0.05)
4.1929 	EXP 	text: text = 'RED'
4.1929 	EXP 	fixation: autoDraw = True
4.2258 	EXP 	Device response: <KeyPress from None: t=4.066744500305504, value=b, duration=0.14909159997478127>
4.6932 	INFO 	Keyboard events cleared
4.6931 	EXP 	fixation: autoDraw = False
4.6931 	EXP 	text: autoDraw = True
5.1933 	EXP 	text: autoDraw = False
5.7622 	DATA 	Keypress: b
5.7766 	EXP 	Device response: <KeyPress from None: t=5.7611966002732515, value=b, duration=None>
5.7769 	EXP 	New trial (rep=0, index=2): <Trial 2 (2 in rep 0) data={'word': 'BLUE', 'font_colour': 'red', 'con_lable': 'incongruent', 'corr_resp': 'r', 'thisN': 2, 'thisTrialN': 2, 'thisRepN': 0}>
5.7928 	EXP 	fixation: autoDraw = False
5.7928 	EXP 	text: autoDraw = False
5.7928 	EXP 	text: foreColor = <psychopy.colors.Color: red, alpha=1.0>
5.7928 	EXP 	text: height = np.float64(0.05)
5.7928 	EXP 	text: height = np.float64(0.05)
5.7928 	EXP 	text: height = np.float64(0.05)
5.7928 	EXP 	text: text = 'BLUE'
5.7928 	EXP 	fixation: autoDraw = True
5.9109 	EXP 	Device response: <KeyPress from None: t=5.7611966002732515, value=b, duration=0.13488729996606708>
6.2764 	INFO 	Keyboard events cleared
6.2762 	EXP 	fixation: autoDraw = False
6.2762 	EXP 	text: autoDraw = True
6.7761 	EXP 	text: autoDraw = False
7.3937 	EXP 	Device response: <KeyPress from None: t=7.3783565000630915, value=r, duration=None>
7.3943 	EXP 	New trial (rep=0, index=3): <Trial 3 (3 in rep 0) data={'word': 'RED', 'font_colour': 'red', 'con_lable': 'congruent', 'corr_resp': 'r', 'thisN': 3, 'thisTrialN': 3, 'thisRepN': 0}>
7.3996 	DATA 	Keypress: r
7.4098 	EXP 	fixation: autoDraw = False
7.4098 	EXP 	text: autoDraw = False
7.4098 	EXP 	text: foreColor = <psychopy.colors.Color: red, alpha=1.0>
7.4098 	EXP 	text: height = np.float64(0.05)
7.4098 	EXP 	text: height = np.float64(0.05)
7.4098 	EXP 	text: height = np.float64(0.05)
7.4098 	EXP 	text: text = 'RED'
7.4098 	EXP 	fixation: autoDraw = True
7.4770 	EXP 	Device response: <KeyPress from None: t=7.3783565000630915, value=r, duration=0.09504810022190213>
7.9099 	INFO 	Keyboard events cleared
7.9097 	EXP 	fixation: autoDraw = False
7.9097 	EXP 	text: autoDraw = True
8.3931 	EXP 	text: autoDraw = False
8.4443 	EXP 	Device response: <KeyPress from None: t=8.43744229990989, value=r, duration=None>
8.4448 	EXP 	New trial (rep=1, index=0): <Trial 4 (0 in rep 1) data={'word': 'RED', 'font_colour': 'blue', 'con_lable': 'incongruent', 'corr_resp': 'b', 'thisN': 4, 'thisTrialN': 0, 'thisRepN': 1}>
8.4472 	DATA 	Keypress: r
8.4593 	EXP 	fixation: autoDraw = False
8.4593 	EXP 	text: autoDraw = False
8.4593 	EXP 	text: foreColor = <psychopy.colors.Color: blue, alpha=1.0>
8.4593 	EXP 	text: text = 'RED'
8.4593 	EXP 	fixation: autoDraw = True
8.5773 	EXP 	Device response: <KeyPress from None: t=8.43744229990989, value=r, duration=0.13042180007323623>
8.9601 	INFO 	Keyboard events cleared
8.9599 	EXP 	fixation: autoDraw = False
8.9599 	EXP 	text: autoDraw = True
9.4600 	EXP 	text: autoDraw = False
9.7438 	EXP 	Device response: <KeyPress from None: t=9.72907860018313, value=b, duration=None>
9.7443 	EXP 	New trial (rep=1, index=1): <Trial 5 (1 in rep 1) data={'word': 'BLUE', 'font_colour': 'blue', 'con_lable': 'congruent', 'corr_resp': 'b', 'thisN': 5, 'thisTrialN': 1, 'thisRepN': 1}>
9.7510 	DATA 	Keypress: b
9.7593 	EXP 	fixation: autoDraw = False
9.7593 	EXP 	text: autoDraw = False
9.7593 	EXP 	text: foreColor = <psychopy.colors.Color: blue, alpha=1.0>
9.7593 	EXP 	text: height = np.float64(0.05)
9.7593 	EXP 	text: height = np.float64(0.05)
9.7593 	EXP 	text: height = np.float64(0.05)
9.7593 	EXP 	text: text = 'BLUE'
9.7593 	EXP 	fixation: autoDraw = True
9.8439 	EXP 	Device response: <KeyPress from None: t=9.72907860018313, value=b, duration=0.10747750010341406>
10.2435 	INFO 	Keyboard events cleared
10.2433 	EXP 	fixation: autoDraw = False
10.2433 	EXP 	text: autoDraw = True
10.7429 	EXP 	text: autoDraw = False
10.9106 	EXP 	Device response: <KeyPress from None: t=10.895372900180519, value=b, duration=None>
10.9112 	EXP 	New trial (rep=1, index=2): <Trial 6 (2 in rep 1) data={'word': 'RED', 'font_colour': 'red', 'con_lable': 'congruent', 'corr_resp': 'r', 'thisN': 6, 'thisTrialN': 2, 'thisRepN': 1}>
10.9160 	DATA 	Keypress: b
10.9257 	EXP 	fixation: autoDraw = False
10.9257 	EXP 	text: autoDraw = False
10.9257 	EXP 	text: foreColor = <psychopy.colors.Color: red, alpha=1.0>
10.9257 	EXP 	text: height = np.float64(0.05)
10.9257 	EXP 	text: height = np.float64(0.05)
10.9257 	EXP 	text: height = np.float64(0.05)
10.9257 	EXP 	text: text = 'RED'
10.9257 	EXP 	fixation: autoDraw = True
11.0103 	EXP 	Device response: <KeyPress from None: t=10.895372900180519, value=b, duration=0.10480460012331605>
11.4264 	INFO 	Keyboard events cleared
11.4262 	EXP 	fixation: autoDraw = False
11.4262 	EXP 	text: autoDraw = True
11.8768 	EXP 	Device response: <KeyPress from None: t=11.871587899979204, value=r, duration=None>
11.8772 	EXP 	New trial (rep=1, index=3): <Trial 7 (3 in rep 1) data={'word': 'BLUE', 'font_colour': 'red', 'con_lable': 'incongruent', 'corr_resp': 'r', 'thisN': 7, 'thisTrialN': 3, 'thisRepN': 1}>
11.8823 	DATA 	Keypress: r
11.8925 	EXP 	fixation: autoDraw = False
11.8925 	EXP 	text: autoDraw = False
11.8925 	EXP 	text: foreColor = <psychopy.colors.Color: red, alpha=1.0>
11.8925 	EXP 	text: height = np.float64(0.05)
11.8925 	EXP 	text: height = np.float64(0.05)
11.8925 	EXP 	text: height = np.float64(0.05)
11.8925 	EXP 	text: text = 'BLUE'
11.8925 	EXP 	fixation: autoDraw = True
12.0101 	EXP 	Device response: <KeyPress from None: t=11.871587899979204, value=r, duration=0.12318800017237663>
12.3935 	INFO 	Keyboard events cleared
12.3933 	EXP 	fixation: autoDraw = False
12.3933 	EXP 	text: autoDraw = True
12.7627 	DATA 	Keypress: r
12.7769 	EXP 	Device response: <KeyPress from None: t=12.761946100275964, value=r, duration=None>
12.7773 	EXP 	New trial (rep=2, index=0): <Trial 8 (0 in rep 2) data={'word': 'RED', 'font_colour': 'red', 'con_lable': 'congruent', 'corr_resp': 'r', 'thisN': 8, 'thisTrialN': 0, 'thisRepN': 2}>
12.7934 	EXP 	fixation: autoDraw = False
12.7934 	EXP 	text: autoDraw = False
12.7934 	EXP 	text: foreColor = <psychopy.colors.Color: red, alpha=1.0>
12.7934 	EXP 	text: height = np.float64(0.05)
12.7934 	EXP 	text: height = np.float64(0.05)
12.7934 	EXP 	text: height = np.float64(0.05)
12.7934 	EXP 	text: text = 'RED'
12.7934 	EXP 	fixation: autoDraw = True
12.9100 	EXP 	Device response: <KeyPress from None: t=12.761946100275964, value=r, duration=0.13312549982219934>
13.2765 	INFO 	Keyboard events cleared
13.2763 	EXP 	fixation: autoDraw = False
13.2763 	EXP 	text: autoDraw = True
13.6276 	EXP 	Device response: <KeyPress from None: t=13.623919600155205, value=r, duration=None>
13.6281 	EXP 	New trial (rep=2, index=1): <Trial 9 (1 in rep 2) data={'word': 'RED', 'font_colour': 'blue', 'con_lable': 'incongruent', 'corr_resp': 'b', 'thisN': 9, 'thisTrialN': 1, 'thisRepN': 2}>
13.6305 	DATA 	Keypress: r
13.6426 	EXP 	fixation: autoDraw = False
13.6426 	EXP 	text: autoDraw = False
13.6426 	EXP 	text: foreColor = <psychopy.colors.Color: blue, alpha=1.0>
13.6426 	EXP 	text: text = 'RED'
13.6426 	EXP 	fixation: autoDraw = True
13.7444 	EXP 	Device response: <KeyPress from None: t=13.623919600155205, value=r, duration=0.12008289992809296>
14.1433 	INFO 	Keyboard events cleared
14.1431 	EXP 	fixation: autoDraw = False
14.1431 	EXP 	text: autoDraw = True
14.5940 	EXP 	Device response: <KeyPress from None: t=14.590484300162643, value=b, duration=None>
14.5945 	EXP 	New trial (rep=2, index=2): <Trial 10 (2 in rep 2) data={'word': 'BLUE', 'font_colour': 'blue', 'con_lable': 'congruent', 'corr_resp': 'b', 'thisN': 10, 'thisTrialN': 2, 'thisRepN': 2}>
14.5999 	DATA 	Keypress: b
14.6091 	EXP 	fixation: autoDraw = False
14.6091 	EXP 	text: autoDraw = False
14.6091 	EXP 	text: foreColor = <psychopy.colors.Color: blue, alpha=1.0>
14.6091 	EXP 	text: height = np.float64(0.05)
14.6091 	EXP 	text: height = np.float64(0.05)
14.6091 	EXP 	text: height = np.float64(0.05)
14.6091 	EXP 	text: text = 'BLUE'
14.6091 	EXP 	fixation: autoDraw = True
14.6942 	EXP 	Device response: <KeyPress from None: t=14.590484300162643, value=b, duration=0.0999210998415947>
15.1095 	INFO 	Keyboard events cleared
15.1093 	EXP 	fixation: autoDraw = False
15.1093 	EXP 	text: autoDraw = True
15.4762 	EXP 	Device response: <KeyPress from None: t=15.46195870032534, value=b, duration=None>
15.4764 	EXP 	New trial (rep=2, index=3): <Trial 11 (3 in rep 2) data={'word': 'BLUE', 'font_colour': 'red', 'con_lable': 'incongruent', 'corr_resp': 'r', 'thisN': 11, 'thisTrialN': 3, 'thisRepN': 2}>
15.4776 	DATA 	Keypress: b
15.4924 	EXP 	fixation: autoDraw = False
15.4924 	EXP 	text: autoDraw = False
15.4924 	EXP 	text: foreColor = <psychopy.colors.Color: red, alpha=1.0>
15.4924 	EXP 	text: text = 'BLUE'
15.4924 	EXP 	fixation: autoDraw = True
15.5766 	EXP 	Device response: <KeyPress from None: t=15.46195870032534, value=b, duration=0.10374349961057305>
15.9766 	INFO 	Keyboard events cleared
15.9764 	EXP 	fixation: autoDraw = False
15.9764 	EXP 	text: autoDraw = True
16.4267 	EXP 	Device response: <KeyPress from None: t=16.42241010023281, value=r, duration=None>
16.4273 	EXP 	New trial (rep=3, index=0): <Trial 12 (0 in rep 3) data={'word': 'RED', 'font_colour': 'blue', 'con_lable': 'incongruent', 'corr_resp': 'b', 'thisN': 12, 'thisTrialN': 0, 'thisRepN': 3}>
16.4321 	DATA 	Keypress: r
16.4425 	EXP 	fixation: autoDraw = False
16.4425 	EXP 	text: autoDraw = False
16.4425 	EXP 	text: foreColor = <psychopy.colors.Color: blue, alpha=1.0>
16.4425 	EXP 	text: height = np.float64(0.05)
16.4425 	EXP 	text: height = np.float64(0.05)
16.4425 	EXP 	text: height = np.float64(0.05)
16.4425 	EXP 	text: text = 'RED'
16.4425 	EXP 	fixation: autoDraw = True
16.5432 	EXP 	Device response: <KeyPress from None: t=16.42241010023281, value=r, duration=0.11151660000905395>
16.9434 	INFO 	Keyboard events cleared
16.9432 	EXP 	fixation: autoDraw = False
16.9432 	EXP 	text: autoDraw = True
17.2770 	EXP 	Device response: <KeyPress from None: t=17.265685299877077, value=b, duration=None>
17.2776 	EXP 	New trial (rep=3, index=1): <Trial 13 (1 in rep 3) data={'word': 'BLUE', 'font_colour': 'blue', 'con_lable': 'congruent', 'corr_resp': 'b', 'thisN': 13, 'thisTrialN': 1, 'thisRepN': 3}>
17.2829 	DATA 	Keypress: b
17.2924 	EXP 	fixation: autoDraw = False
17.2924 	EXP 	text: autoDraw = False
17.2924 	EXP 	text: foreColor = <psychopy.colors.Color: blue, alpha=1.0>
17.2924 	EXP 	text: height = np.float64(0.05)
17.2924 	EXP 	text: height = np.float64(0.05)
17.2924 	EXP 	text: height = np.float64(0.05)
17.2924 	EXP 	text: text = 'BLUE'
17.2924 	EXP 	fixation: autoDraw = True
17.3770 	EXP 	Device response: <KeyPress from None: t=17.265685299877077, value=b, duration=0.09946850035339594>
17.7930 	INFO 	Keyboard events cleared
17.7928 	EXP 	fixation: autoDraw = False
17.7928 	EXP 	text: autoDraw = True
18.1935 	EXP 	Device response: <KeyPress from None: t=18.180608000140637, value=b, duration=None>
18.1938 	EXP 	New trial (rep=3, index=2): <Trial 14 (2 in rep 3) data={'word': 'RED', 'font_colour': 'red', 'con_lable': 'congruent', 'corr_resp': 'r', 'thisN': 14, 'thisTrialN': 2, 'thisRepN': 3}>
18.1978 	DATA 	Keypress: b
18.2089 	EXP 	fixation: autoDraw = False
18.2089 	EXP 	text: autoDraw = False
18.2089 	EXP 	text: foreColor = <psychopy.colors.Color: red, alpha=1.0>
18.2089 	EXP 	text: height = np.float64(0.05)
18.2089 	EXP 	text: height = np.float64(0.05)
18.2089 	EXP 	text: height = np.float64(0.05)
18.2089 	EXP 	text: text = 'RED'
18.2089 	EXP 	fixation: autoDraw = True
18.2939 	EXP 	Device response: <KeyPress from None: t=18.180608000140637, value=b, duration=0.11170649994164705>
18.6933 	INFO 	Keyboard events cleared
18.6930 	EXP 	fixation: autoDraw = False
18.6930 	EXP 	text: autoDraw = True
19.0096 	EXP 	Device response: <KeyPress from None: t=19.008107000030577, value=r, duration=None>
19.0098 	EXP 	New trial (rep=3, index=3): <Trial 15 (3 in rep 3) data={'word': 'BLUE', 'font_colour': 'red', 'con_lable': 'incongruent', 'corr_resp': 'r', 'thisN': 15, 'thisTrialN': 3, 'thisRepN': 3}>
19.0134 	DATA 	Keypress: r
19.0258 	EXP 	fixation: autoDraw = False
19.0258 	EXP 	text: autoDraw = False
19.0258 	EXP 	text: foreColor = <psychopy.colors.Color: red, alpha=1.0>
19.0258 	EXP 	text: height = np.float64(0.05)
19.0258 	EXP 	text: height = np.float64(0.05)
19.0258 	EXP 	text: height = np.float64(0.05)
19.0258 	EXP 	text: text = 'BLUE'
19.0258 	EXP 	fixation: autoDraw = True
19.1268 	EXP 	Device response: <KeyPress from None: t=19.008107000030577, value=r, duration=0.10431230021640658>
19.5097 	INFO 	Keyboard events cleared
19.5095 	EXP 	fixation: autoDraw = False
19.5095 	EXP 	text: autoDraw = True
19.9768 	EXP 	Device response: <KeyPress from None: t=19.964746000245214, value=r, duration=None>
19.9772 	EXP 	New trial (rep=4, index=0): <Trial 16 (0 in rep 4) data={'word': 'BLUE', 'font_colour': 'red', 'con_lable': 'incongruent', 'corr_resp': 'r', 'thisN': 16, 'thisTrialN': 0, 'thisRepN': 4}>
19.9790 	DATA 	Keypress: r
19.9924 	EXP 	fixation: autoDraw = False
19.9924 	EXP 	text: autoDraw = False
19.9924 	EXP 	text: foreColor = <psychopy.colors.Color: red, alpha=1.0>
19.9924 	EXP 	text: text = 'BLUE'
19.9924 	EXP 	fixation: autoDraw = True
20.0433 	EXP 	Device response: <KeyPress from None: t=19.964746000245214, value=r, duration=0.07424360001459718>
20.4933 	INFO 	Keyboard events cleared
20.4931 	EXP 	fixation: autoDraw = False
20.4931 	EXP 	text: autoDraw = True
20.9103 	EXP 	Device response: <KeyPress from None: t=20.89831730024889, value=r, duration=None>
20.9107 	EXP 	New trial (rep=4, index=1): <Trial 17 (1 in rep 4) data={'word': 'BLUE', 'font_colour': 'blue', 'con_lable': 'congruent', 'corr_resp': 'b', 'thisN': 17, 'thisTrialN': 1, 'thisRepN': 4}>
20.9127 	DATA 	Keypress: r
20.9263 	EXP 	fixation: autoDraw = False
20.9263 	EXP 	text: autoDraw = False
20.9263 	EXP 	text: foreColor = <psychopy.colors.Color: blue, alpha=1.0>
20.9263 	EXP 	text: text = 'BLUE'
20.9263 	EXP 	fixation: autoDraw = True
21.0267 	EXP 	Device response: <KeyPress from None: t=20.89831730024889, value=r, duration=0.12318790005519986>
21.4099 	INFO 	Keyboard events cleared
21.4097 	EXP 	fixation: autoDraw = False
21.4097 	EXP 	text: autoDraw = True
21.7764 	EXP 	Device response: <KeyPress from None: t=21.766834300011396, value=b, duration=None>
21.7768 	EXP 	New trial (rep=4, index=2): <Trial 18 (2 in rep 4) data={'word': 'RED', 'font_colour': 'blue', 'con_lable': 'incongruent', 'corr_resp': 'b', 'thisN': 18, 'thisTrialN': 2, 'thisRepN': 4}>
21.7817 	DATA 	Keypress: b
21.7924 	EXP 	fixation: autoDraw = False
21.7924 	EXP 	text: autoDraw = False
21.7924 	EXP 	text: foreColor = <psychopy.colors.Color: blue, alpha=1.0>
21.7924 	EXP 	text: height = np.float64(0.05)
21.7924 	EXP 	text: height = np.float64(0.05)
21.7924 	EXP 	text: height = np.float64(0.05)
21.7924 	EXP 	text: text = 'RED'
21.7924 	EXP 	fixation: autoDraw = True
21.8938 	EXP 	Device response: <KeyPress from None: t=21.766834300011396, value=b, duration=0.11729469988495111>
22.2765 	INFO 	Keyboard events cleared
22.2763 	EXP 	fixation: autoDraw = False
22.2763 	EXP 	text: autoDraw = True
22.6298 	DATA 	Keypress: b
22.6432 	EXP 	Device response: <KeyPress from None: t=22.627962300088257, value=b, duration=None>
22.6436 	EXP 	New trial (rep=4, index=3): <Trial 19 (3 in rep 4) data={'word': 'RED', 'font_colour': 'red', 'con_lable': 'congruent', 'corr_resp': 'r', 'thisN': 19, 'thisTrialN': 3, 'thisRepN': 4}>
22.6593 	EXP 	fixation: autoDraw = False
22.6593 	EXP 	text: autoDraw = False
22.6593 	EXP 	text: foreColor = <psychopy.colors.Color: red, alpha=1.0>
22.6593 	EXP 	text: text = 'RED'
22.6593 	EXP 	fixation: autoDraw = True
22.7436 	EXP 	Device response: <KeyPress from None: t=22.627962300088257, value=b, duration=0.10887800017371774>
23.1427 	INFO 	Keyboard events cleared
23.1426 	EXP 	fixation: autoDraw = False
23.1426 	EXP 	text: autoDraw = True
23.5937 	EXP 	Device response: <KeyPress from None: t=23.5901444000192, value=r, duration=None>
23.5942 	EXP 	New trial (rep=5, index=0): <Trial 20 (0 in rep 5) data={'word': 'BLUE', 'font_colour': 'blue', 'con_lable': 'congruent', 'corr_resp': 'b', 'thisN': 20, 'thisTrialN': 0, 'thisRepN': 5}>
23.5989 	DATA 	Keypress: r
23.6091 	EXP 	fixation: autoDraw = False
23.6091 	EXP 	text: autoDraw = False
23.6091 	EXP 	text: foreColor = <psychopy.colors.Color: blue, alpha=1.0>
23.6091 	EXP 	text: height = np.float64(0.05)
23.6091 	EXP 	text: height = np.float64(0.05)
23.6091 	EXP 	text: height = np.float64(0.05)
23.6091 	EXP 	text: text = 'BLUE'
23.6091 	EXP 	fixation: autoDraw = True
23.6940 	EXP 	Device response: <KeyPress from None: t=23.5901444000192, value=r, duration=0.10313030006363988>
24.1099 	INFO 	Keyboard events cleared
24.1097 	EXP 	fixation: autoDraw = False
24.1097 	EXP 	text: autoDraw = True
24.5455 	DATA 	Keypress: b
24.5599 	EXP 	Device response: <KeyPress from None: t=24.544001000002027, value=b, duration=None>
24.5604 	EXP 	New trial (rep=5, index=1): <Trial 21 (1 in rep 5) data={'word': 'RED', 'font_colour': 'blue', 'con_lable': 'incongruent', 'corr_resp': 'b', 'thisN': 21, 'thisTrialN': 1, 'thisRepN': 5}>
24.5759 	EXP 	fixation: autoDraw = False
24.5759 	EXP 	text: autoDraw = False
24.5759 	EXP 	text: foreColor = <psychopy.colors.Color: blue, alpha=1.0>
24.5759 	EXP 	text: height = np.float64(0.05)
24.5759 	EXP 	text: height = np.float64(0.05)
24.5759 	EXP 	text: height = np.float64(0.05)
24.5759 	EXP 	text: text = 'RED'
24.5759 	EXP 	fixation: autoDraw = True
24.6603 	EXP 	Device response: <KeyPress from None: t=24.544001000002027, value=b, duration=0.11363850021734834>
25.0599 	INFO 	Keyboard events cleared
25.0597 	EXP 	fixation: autoDraw = False
25.0597 	EXP 	text: autoDraw = True
25.4129 	DATA 	Keypress: b
25.4268 	EXP 	Device response: <KeyPress from None: t=25.41129790013656, value=b, duration=None>
25.4274 	EXP 	New trial (rep=5, index=2): <Trial 22 (2 in rep 5) data={'word': 'BLUE', 'font_colour': 'red', 'con_lable': 'incongruent', 'corr_resp': 'r', 'thisN': 22, 'thisTrialN': 2, 'thisRepN': 5}>
25.4430 	EXP 	fixation: autoDraw = False
25.4430 	EXP 	text: autoDraw = False
25.4430 	EXP 	text: foreColor = <psychopy.colors.Color: red, alpha=1.0>
25.4430 	EXP 	text: height = np.float64(0.05)
25.4430 	EXP 	text: height = np.float64(0.05)
25.4430 	EXP 	text: height = np.float64(0.05)
25.4430 	EXP 	text: text = 'BLUE'
25.4430 	EXP 	fixation: autoDraw = True
25.5274 	EXP 	Device response: <KeyPress from None: t=25.41129790013656, value=b, duration=0.10706070018932223>
25.9264 	INFO 	Keyboard events cleared
25.9262 	EXP 	fixation: autoDraw = False
25.9262 	EXP 	text: autoDraw = True
26.2938 	EXP 	Device response: <KeyPress from None: t=26.283658599946648, value=r, duration=None>
26.2943 	EXP 	New trial (rep=5, index=3): <Trial 23 (3 in rep 5) data={'word': 'RED', 'font_colour': 'red', 'con_lable': 'congruent', 'corr_resp': 'r', 'thisN': 23, 'thisTrialN': 3, 'thisRepN': 5}>
26.2995 	DATA 	Keypress: r
26.3090 	EXP 	fixation: autoDraw = False
26.3090 	EXP 	text: autoDraw = False
26.3090 	EXP 	text: foreColor = <psychopy.colors.Color: red, alpha=1.0>
26.3090 	EXP 	text: height = np.float64(0.05)
26.3090 	EXP 	text: height = np.float64(0.05)
26.3090 	EXP 	text: height = np.float64(0.05)
26.3090 	EXP 	text: text = 'RED'
26.3090 	EXP 	fixation: autoDraw = True
26.4268 	EXP 	Device response: <KeyPress from None: t=26.283658599946648, value=r, duration=0.1267050001770258>
26.8098 	INFO 	Keyboard events cleared
26.8097 	EXP 	fixation: autoDraw = False
26.8097 	EXP 	text: autoDraw = True
27.1613 	EXP 	Device response: <KeyPress from None: t=27.160843499936163, value=r, duration=None>
27.1617 	EXP 	New trial (rep=6, index=0): <Trial 24 (0 in rep 6) data={'word': 'BLUE', 'font_colour': 'blue', 'con_lable': 'congruent', 'corr_resp': 'b', 'thisN': 24, 'thisTrialN': 0, 'thisRepN': 6}>
27.1662 	DATA 	Keypress: r
27.1756 	EXP 	fixation: autoDraw = False
27.1756 	EXP 	text: autoDraw = False
27.1756 	EXP 	text: foreColor = <psychopy.colors.Color: blue, alpha=1.0>
27.1756 	EXP 	text: height = np.float64(0.05)
27.1756 	EXP 	text: height = np.float64(0.05)
27.1756 	EXP 	text: height = np.float64(0.05)
27.1756 	EXP 	text: text = 'BLUE'
27.1756 	EXP 	fixation: autoDraw = True
27.2770 	EXP 	Device response: <KeyPress from None: t=27.160843499936163, value=r, duration=0.11415340006351471>
27.6760 	INFO 	Keyboard events cleared
27.6758 	EXP 	fixation: autoDraw = False
27.6758 	EXP 	text: autoDraw = True
28.0430 	EXP 	Device response: <KeyPress from None: t=28.042381099890918, value=b, duration=None>
28.0434 	EXP 	New trial (rep=6, index=1): <Trial 25 (1 in rep 6) data={'word': 'RED', 'font_colour': 'blue', 'con_lable': 'incongruent', 'corr_resp': 'b', 'thisN': 25, 'thisTrialN': 1, 'thisRepN': 6}>
28.0481 	DATA 	Keypress: b
28.0595 	EXP 	fixation: autoDraw = False
28.0595 	EXP 	text: autoDraw = False
28.0595 	EXP 	text: foreColor = <psychopy.colors.Color: blue, alpha=1.0>
28.0595 	EXP 	text: height = np.float64(0.05)
28.0595 	EXP 	text: height = np.float64(0.05)
28.0595 	EXP 	text: height = np.float64(0.05)
28.0595 	EXP 	text: text = 'RED'
28.0595 	EXP 	fixation: autoDraw = True
28.1599 	EXP 	Device response: <KeyPress from None: t=28.042381099890918, value=b, duration=0.10488400002941489>
28.5600 	INFO 	Keyboard events cleared
28.5597 	EXP 	fixation: autoDraw = False
28.5597 	EXP 	text: autoDraw = True
28.9287 	DATA 	Keypress: b
28.9431 	EXP 	Device response: <KeyPress from None: t=28.92742760013789, value=b, duration=None>
28.9435 	EXP 	New trial (rep=6, index=2): <Trial 26 (2 in rep 6) data={'word': 'RED', 'font_colour': 'red', 'con_lable': 'congruent', 'corr_resp': 'r', 'thisN': 26, 'thisTrialN': 2, 'thisRepN': 6}>
28.9590 	EXP 	fixation: autoDraw = False
28.9590 	EXP 	text: autoDraw = False
28.9590 	EXP 	text: foreColor = <psychopy.colors.Color: red, alpha=1.0>
28.9590 	EXP 	text: text = 'RED'
28.9590 	EXP 	fixation: autoDraw = True
29.0441 	EXP 	Device response: <KeyPress from None: t=28.92742760013789, value=b, duration=0.11571019981056452>
29.4432 	INFO 	Keyboard events cleared
29.4430 	EXP 	fixation: autoDraw = False
29.4430 	EXP 	text: autoDraw = True
29.8436 	EXP 	Device response: <KeyPress from None: t=29.842748700175434, value=r, duration=None>
29.8441 	EXP 	New trial (rep=6, index=3): <Trial 27 (3 in rep 6) data={'word': 'BLUE', 'font_colour': 'red', 'con_lable': 'incongruent', 'corr_resp': 'r', 'thisN': 27, 'thisTrialN': 3, 'thisRepN': 6}>
29.8491 	DATA 	Keypress: r
29.8590 	EXP 	fixation: autoDraw = False
29.8590 	EXP 	text: autoDraw = False
29.8590 	EXP 	text: foreColor = <psychopy.colors.Color: red, alpha=1.0>
29.8590 	EXP 	text: height = np.float64(0.05)
29.8590 	EXP 	text: height = np.float64(0.05)
29.8590 	EXP 	text: height = np.float64(0.05)
29.8590 	EXP 	text: text = 'BLUE'
29.8590 	EXP 	fixation: autoDraw = True
29.9593 	EXP 	Device response: <KeyPress from None: t=29.842748700175434, value=r, duration=0.10717350011691451>
30.3599 	INFO 	Keyboard events cleared
30.3597 	EXP 	fixation: autoDraw = False
30.3597 	EXP 	text: autoDraw = True
30.7101 	EXP 	Device response: <KeyPress from None: t=30.702051700092852, value=r, duration=None>
30.7107 	EXP 	New trial (rep=7, index=0): <Trial 28 (0 in rep 7) data={'word': 'RED', 'font_colour': 'red', 'con_lable': 'congruent', 'corr_resp': 'r', 'thisN': 28, 'thisTrialN': 0, 'thisRepN': 7}>
30.7155 	DATA 	Keypress: r
30.7255 	EXP 	fixation: autoDraw = False
30.7255 	EXP 	text: autoDraw = False
30.7255 	EXP 	text: foreColor = <psychopy.colors.Color: red, alpha=1.0>
30.7255 	EXP 	text: height = np.float64(0.05)
30.7255 	EXP 	text: height = np.float64(0.05)
30.7255 	EXP 	text: height = np.float64(0.05)
30.7255 	EXP 	text: text = 'RED'
30.7255 	EXP 	fixation: autoDraw = True
30.8268 	EXP 	Device response: <KeyPress from None: t=30.702051700092852, value=r, duration=0.12364799994975328>
31.2264 	INFO 	Keyboard events cleared
31.2262 	EXP 	fixation: autoDraw = False
31.2262 	EXP 	text: autoDraw = True
31.5431 	EXP 	Device response: <KeyPress from None: t=31.538068199995905, value=r, duration=None>
31.5435 	EXP 	New trial (rep=7, index=1): <Trial 29 (1 in rep 7) data={'word': 'BLUE', 'font_colour': 'red', 'con_lable': 'incongruent', 'corr_resp': 'r', 'thisN': 29, 'thisTrialN': 1, 'thisRepN': 7}>
31.5489 	DATA 	Keypress: r
31.5589 	EXP 	fixation: autoDraw = False
31.5589 	EXP 	text: autoDraw = False
31.5589 	EXP 	text: foreColor = <psychopy.colors.Color: red, alpha=1.0>
31.5589 	EXP 	text: height = np.float64(0.05)
31.5589 	EXP 	text: height = np.float64(0.05)
31.5589 	EXP 	text: height = np.float64(0.05)
31.5589 	EXP 	text: text = 'BLUE'
31.5589 	EXP 	fixation: autoDraw = True
31.6598 	EXP 	Device response: <KeyPress from None: t=31.538068199995905, value=r, duration=0.11642759991809726>
32.0591 	INFO 	Keyboard events cleared
32.0590 	EXP 	fixation: autoDraw = False
32.0590 	EXP 	text: autoDraw = True
32.3431 	EXP 	Device response: <KeyPress from None: t=32.339270799886435, value=r, duration=None>
32.3435 	EXP 	New trial (rep=7, index=2): <Trial 30 (2 in rep 7) data={'word': 'BLUE', 'font_colour': 'blue', 'con_lable': 'congruent', 'corr_resp': 'b', 'thisN': 30, 'thisTrialN': 2, 'thisRepN': 7}>
32.3455 	DATA 	Keypress: r
32.3591 	EXP 	fixation: autoDraw = False
32.3591 	EXP 	text: autoDraw = False
32.3591 	EXP 	text: foreColor = <psychopy.colors.Color: blue, alpha=1.0>
32.3591 	EXP 	text: text = 'BLUE'
32.3591 	EXP 	fixation: autoDraw = True
32.4766 	EXP 	Device response: <KeyPress from None: t=32.339270799886435, value=r, duration=0.1260943002998829>
32.8424 	INFO 	Keyboard events cleared
32.8423 	EXP 	fixation: autoDraw = False
32.8423 	EXP 	text: autoDraw = True
33.2113 	EXP 	Device response: <KeyPress from None: t=33.210490399971604, value=b, duration=None>
33.2116 	EXP 	New trial (rep=7, index=3): <Trial 31 (3 in rep 7) data={'word': 'RED', 'font_colour': 'blue', 'con_lable': 'incongruent', 'corr_resp': 'b', 'thisN': 31, 'thisTrialN': 3, 'thisRepN': 7}>
33.2152 	DATA 	Keypress: b
33.2253 	EXP 	fixation: autoDraw = False
33.2253 	EXP 	text: autoDraw = False
33.2253 	EXP 	text: foreColor = <psychopy.colors.Color: blue, alpha=1.0>
33.2253 	EXP 	text: height = np.float64(0.05)
33.2253 	EXP 	text: height = np.float64(0.05)
33.2253 	EXP 	text: height = np.float64(0.05)
33.2253 	EXP 	text: text = 'RED'
33.2253 	EXP 	fixation: autoDraw = True
33.3425 	EXP 	Device response: <KeyPress from None: t=33.210490399971604, value=b, duration=0.1169679001905024>
33.7259 	INFO 	Keyboard events cleared
33.7257 	EXP 	fixation: autoDraw = False
33.7257 	EXP 	text: autoDraw = True
34.1595 	EXP 	Device response: <KeyPress from None: t=34.146028500050306, value=b, duration=None>
34.1599 	EXP 	New trial (rep=8, index=0): <Trial 32 (0 in rep 8) data={'word': 'BLUE', 'font_colour': 'blue', 'con_lable': 'congruent', 'corr_resp': 'b', 'thisN': 32, 'thisTrialN': 0, 'thisRepN': 8}>
34.1640 	DATA 	Keypress: b
34.1755 	EXP 	fixation: autoDraw = False
34.1755 	EXP 	text: autoDraw = False
34.1755 	EXP 	text: foreColor = <psychopy.colors.Color: blue, alpha=1.0>
34.1755 	EXP 	text: height = np.float64(0.05)
34.1755 	EXP 	text: height = np.float64(0.05)
34.1755 	EXP 	text: height = np.float64(0.05)
34.1755 	EXP 	text: text = 'BLUE'
34.1755 	EXP 	fixation: autoDraw = True
34.2601 	EXP 	Device response: <KeyPress from None: t=34.146028500050306, value=b, duration=0.10942790005356073>
34.6595 	INFO 	Keyboard events cleared
34.6593 	EXP 	fixation: autoDraw = False
34.6593 	EXP 	text: autoDraw = True
35.0106 	EXP 	Device response: <KeyPress from None: t=35.00734389992431, value=b, duration=None>
35.0111 	EXP 	New trial (rep=8, index=1): <Trial 33 (1 in rep 8) data={'word': 'RED', 'font_colour': 'red', 'con_lable': 'congruent', 'corr_resp': 'r', 'thisN': 33, 'thisTrialN': 1, 'thisRepN': 8}>
35.0166 	DATA 	Keypress: b
35.0255 	EXP 	fixation: autoDraw = False
35.0255 	EXP 	text: autoDraw = False
35.0255 	EXP 	text: foreColor = <psychopy.colors.Color: red, alpha=1.0>
35.0255 	EXP 	text: height = np.float64(0.05)
35.0255 	EXP 	text: height = np.float64(0.05)
35.0255 	EXP 	text: height = np.float64(0.05)
35.0255 	EXP 	text: text = 'RED'
35.0255 	EXP 	fixation: autoDraw = True
35.1263 	EXP 	Device response: <KeyPress from None: t=35.00734389992431, value=b, duration=0.11788070015609264>
35.5256 	INFO 	Keyboard events cleared
35.5255 	EXP 	fixation: autoDraw = False
35.5255 	EXP 	text: autoDraw = True
35.8786 	DATA 	Keypress: r
35.8934 	EXP 	Device response: <KeyPress from None: t=35.877684799954295, value=r, duration=None>
35.8938 	EXP 	New trial (rep=8, index=2): <Trial 34 (2 in rep 8) data={'word': 'RED', 'font_colour': 'blue', 'con_lable': 'incongruent', 'corr_resp': 'b', 'thisN': 34, 'thisTrialN': 2, 'thisRepN': 8}>
35.9090 	EXP 	fixation: autoDraw = False
35.9090 	EXP 	text: autoDraw = False
35.9090 	EXP 	text: foreColor = <psychopy.colors.Color: blue, alpha=1.0>
35.9090 	EXP 	text: text = 'RED'
35.9090 	EXP 	fixation: autoDraw = True
35.9939 	EXP 	Device response: <KeyPress from None: t=35.877684799954295, value=r, duration=0.11207790020853281>
36.3931 	INFO 	Keyboard events cleared
36.3929 	EXP 	fixation: autoDraw = False
36.3929 	EXP 	text: autoDraw = True
36.7123 	DATA 	Keypress: r
36.7262 	EXP 	Device response: <KeyPress from None: t=36.71124240010977, value=r, duration=None>
36.7266 	EXP 	New trial (rep=8, index=3): <Trial 35 (3 in rep 8) data={'word': 'BLUE', 'font_colour': 'red', 'con_lable': 'incongruent', 'corr_resp': 'r', 'thisN': 35, 'thisTrialN': 3, 'thisRepN': 8}>
36.7428 	EXP 	fixation: autoDraw = False
36.7428 	EXP 	text: autoDraw = False
36.7428 	EXP 	text: foreColor = <psychopy.colors.Color: red, alpha=1.0>
36.7428 	EXP 	text: height = np.float64(0.05)
36.7428 	EXP 	text: height = np.float64(0.05)
36.7428 	EXP 	text: height = np.float64(0.05)
36.7428 	EXP 	text: text = 'BLUE'
36.7428 	EXP 	fixation: autoDraw = True
36.8097 	EXP 	Device response: <KeyPress from None: t=36.71124240010977, value=r, duration=0.09342999989166856>
37.2261 	INFO 	Keyboard events cleared
37.2259 	EXP 	fixation: autoDraw = False
37.2259 	EXP 	text: autoDraw = True
37.5769 	EXP 	Device response: <KeyPress from None: t=37.57383210025728, value=r, duration=None>
37.5775 	EXP 	New trial (rep=9, index=0): <Trial 36 (0 in rep 9) data={'word': 'BLUE', 'font_colour': 'blue', 'con_lable': 'congruent', 'corr_resp': 'b', 'thisN': 36, 'thisTrialN': 0, 'thisRepN': 9}>
37.5795 	DATA 	Keypress: r
37.5925 	EXP 	fixation: autoDraw = False
37.5925 	EXP 	text: autoDraw = False
37.5925 	EXP 	text: foreColor = <psychopy.colors.Color: blue, alpha=1.0>
37.5925 	EXP 	text: text = 'BLUE'
37.5925 	EXP 	fixation: autoDraw = True
37.6938 	EXP 	Device response: <KeyPress from None: t=37.57383210025728, value=r, duration=0.11321039963513613>
38.0929 	INFO 	Keyboard events cleared
38.0927 	EXP 	fixation: autoDraw = False
38.0927 	EXP 	text: autoDraw = True
38.3927 	EXP 	Device response: <KeyPress from None: t=38.38087460026145, value=b, duration=None>
38.3930 	EXP 	New trial (rep=9, index=1): <Trial 37 (1 in rep 9) data={'word': 'RED', 'font_colour': 'red', 'con_lable': 'congruent', 'corr_resp': 'r', 'thisN': 37, 'thisTrialN': 1, 'thisRepN': 9}>
38.3974 	DATA 	Keypress: b
38.4088 	EXP 	fixation: autoDraw = False
38.4088 	EXP 	text: autoDraw = False
38.4088 	EXP 	text: foreColor = <psychopy.colors.Color: red, alpha=1.0>
38.4088 	EXP 	text: height = np.float64(0.05)
38.4088 	EXP 	text: height = np.float64(0.05)
38.4088 	EXP 	text: height = np.float64(0.05)
38.4088 	EXP 	text: text = 'RED'
38.4088 	EXP 	fixation: autoDraw = True
38.4768 	EXP 	Device response: <KeyPress from None: t=38.38087460026145, value=b, duration=0.08737419964745641>
38.8931 	INFO 	Keyboard events cleared
38.8928 	EXP 	fixation: autoDraw = False
38.8928 	EXP 	text: autoDraw = True
39.2267 	EXP 	Device response: <KeyPress from None: t=39.22440980002284, value=b, duration=None>
39.2271 	EXP 	New trial (rep=9, index=2): <Trial 38 (2 in rep 9) data={'word': 'BLUE', 'font_colour': 'red', 'con_lable': 'incongruent', 'corr_resp': 'r', 'thisN': 38, 'thisTrialN': 2, 'thisRepN': 9}>
39.2320 	DATA 	Keypress: b
39.2421 	EXP 	fixation: autoDraw = False
39.2421 	EXP 	text: autoDraw = False
39.2421 	EXP 	text: foreColor = <psychopy.colors.Color: red, alpha=1.0>
39.2421 	EXP 	text: height = np.float64(0.05)
39.2421 	EXP 	text: height = np.float64(0.05)
39.2421 	EXP 	text: height = np.float64(0.05)
39.2421 	EXP 	text: text = 'BLUE'
39.2421 	EXP 	fixation: autoDraw = True
39.3255 	EXP 	Device response: <KeyPress from None: t=39.22440980002284, value=b, duration=0.09557479992508888>
39.7426 	INFO 	Keyboard events cleared
39.7424 	EXP 	fixation: autoDraw = False
39.7424 	EXP 	text: autoDraw = True
40.1430 	EXP 	Device response: <KeyPress from None: t=40.141408500261605, value=r, duration=None>
40.1433 	EXP 	New trial (rep=9, index=3): <Trial 39 (3 in rep 9) data={'word': 'RED', 'font_colour': 'blue', 'con_lable': 'incongruent', 'corr_resp': 'b', 'thisN': 39, 'thisTrialN': 3, 'thisRepN': 9}>
40.1472 	DATA 	Keypress: r
40.1586 	EXP 	fixation: autoDraw = False
40.1586 	EXP 	text: autoDraw = False
40.1586 	EXP 	text: foreColor = <psychopy.colors.Color: blue, alpha=1.0>
40.1586 	EXP 	text: height = np.float64(0.05)
40.1586 	EXP 	text: height = np.float64(0.05)
40.1586 	EXP 	text: height = np.float64(0.05)
40.1586 	EXP 	text: text = 'RED'
40.1586 	EXP 	fixation: autoDraw = True
40.2597 	EXP 	Device response: <KeyPress from None: t=40.141408500261605, value=r, duration=0.11502570006996393>
40.6425 	INFO 	Keyboard events cleared
40.6424 	EXP 	fixation: autoDraw = False
40.6424 	EXP 	text: autoDraw = True
41.0096 	EXP 	Device response: <KeyPress from None: t=40.99741870025173, value=b, duration=None>
41.0106 	DATA 	Keypress: b
41.0255 	EXP 	fixation: autoDraw = False
41.0255 	EXP 	text: autoDraw = False
41.0257 	EXP 	stroop: status = STOPPED
41.0434 	INFO 	saved data to 'C:\\Users\\Admin\\OneDrive\\Desktop\\Lekisha\\College\\Lab in Psychology\\data\\444286_stroop_2025-08-23_16h02.45.691.csv'
41.0451 	INFO 	saved data to C:\Users\Admin\OneDrive\Desktop\Lekisha\College\Lab in Psychology\data\444286_stroop_2025-08-23_16h02.45.691.psydat
42.7125 	WARNING 	Stopping key buffers but this could be dangerous ifother keyboards rely on the same.
42.7361 	WARNING 	Stopping key buffers but this could be dangerous ifother keyboards rely on the same.
